nohup: ignoring input
+ for s in 0 1 2
+ python wp1_oracle.py --dataset nfcorpus --device cuda --n-stages 8 --joint-at 2 4 8 --batch-size 64 --zero-curve --holdout-positives 0.5 --loss mean --scale 0.5 --seed 0 --out results/wp1_nfcorpus_split_seed0.json
logging to results/wp1_nfcorpus_split_seed0.log
started 2026-08-17 16:57:37
loading intfloat/e5-large-v2 on cuda (float32)
Loading weights:   0%|          | 0/391 [00:00<?, ?it/s]Loading weights: 100%|##########| 391/391 [00:00<00:00, 10036.74it/s]
  d=1024   token_norm=1.4409   |s|/tnorm = [0.5, 0.5, 0.5, 0.5, 0.5, 0.5, 0.5, 0.5]

loading BEIR/nfcorpus (test)
  3633 docs   323 queries

self-check (max abs err, want < 1e-4):
  [ok  ] identity_vs_hf             0.00e+00
  [ok  ] batch_invariance           2.44e-06
  [ok  ] batch_invariance_steered   2.50e-06

loading cached corpus embeddings from results/cache/nfcorpus_intfloat_e5-large-v2_float32.pt
  corpus matrix (3633, 1024) float32 = 0.01 GB on cuda

held-out split: 50% of positives
  300 queries kept (23 dropped: <2 positives)
  mean 20.5 positives fitted, 20.5 scored

============================================================================================
ensemble depth K=8  (steps=200 lr=0.05 temp=0.02 |s|/tnorm=[0.5, 0.5, 0.5, 0.5, 0.5, 0.5, 0.5, 0.5], 64 queries per optimization batch)
============================================================================================
  arm0   nDCG@10=0.2551  R@20=0.1944  R@100=0.2947  MRR@10=0.4311
         [0s]
  zero@1 nDCG@10=0.2611  R@20=0.1951  R@100=0.2989  MRR@10=0.4384
  zero@2 nDCG@10=0.2648  R@20=0.1980  R@100=0.3033  MRR@10=0.4436
  zero@3 nDCG@10=0.2641  R@20=0.1998  R@100=0.3084  MRR@10=0.4444
  zero@4 nDCG@10=0.2616  R@20=0.1992  R@100=0.3064  MRR@10=0.4457
  zero@5 nDCG@10=0.2557  R@20=0.1987  R@100=0.3034  MRR@10=0.4375
  zero@6 nDCG@10=0.2533  R@20=0.1994  R@100=0.3014  MRR@10=0.4370
  zero@7 nDCG@10=0.2513  R@20=0.1992  R@100=0.2994  MRR@10=0.4338
  zero@8 nDCG@10=0.2512  R@20=0.1976  R@100=0.3025  MRR@10=0.4342
    [greedy@1] 64/300 queries   loss=4.2322   23s elapsed, ~84s left
    [greedy@1] 128/300 queries   loss=3.7978   36s elapsed, ~49s left
    [greedy@1] 192/300 queries   loss=3.4190   50s elapsed, ~28s left
    [greedy@1] 256/300 queries   loss=4.0077   67s elapsed, ~12s left
    [greedy@1] 300/300 queries   loss=3.6186   78s elapsed, ~0s left
  greedy@1 nDCG@10=0.4513  R@20=0.3900  R@100=0.5796  MRR@10=0.6424
         [78s]
    [greedy@2] 64/300 queries   loss=3.8730   24s elapsed, ~87s left
    [greedy@2] 128/300 queries   loss=3.4269   37s elapsed, ~50s left
    [greedy@2] 192/300 queries   loss=3.0710   51s elapsed, ~29s left
    [greedy@2] 256/300 queries   loss=3.6025   69s elapsed, ~12s left
    [greedy@2] 300/300 queries   loss=3.1922   81s elapsed, ~0s left
  greedy@2 nDCG@10=0.4615  R@20=0.3959  R@100=0.5830  MRR@10=0.6602
         [81s]
    [greedy@3] 64/300 queries   loss=3.6537   25s elapsed, ~91s left
    [greedy@3] 128/300 queries   loss=3.2352   39s elapsed, ~53s left
    [greedy@3] 192/300 queries   loss=2.8951   54s elapsed, ~30s left
    [greedy@3] 256/300 queries   loss=3.3601   72s elapsed, ~12s left
    [greedy@3] 300/300 queries   loss=2.9840   84s elapsed, ~0s left
  greedy@3 nDCG@10=0.4652  R@20=0.4023  R@100=0.5832  MRR@10=0.6728
         [84s]
    [greedy@4] 64/300 queries   loss=3.5193   25s elapsed, ~92s left
    [greedy@4] 128/300 queries   loss=3.1416   40s elapsed, ~54s left
    [greedy@4] 192/300 queries   loss=2.8046   54s elapsed, ~31s left
    [greedy@4] 256/300 queries   loss=3.2226   71s elapsed, ~12s left
    [greedy@4] 300/300 queries   loss=2.8544   82s elapsed, ~0s left
  greedy@4 nDCG@10=0.4752  R@20=0.4113  R@100=0.5888  MRR@10=0.6904
         [82s]
    [greedy@5] 64/300 queries   loss=3.4295   25s elapsed, ~92s left
    [greedy@5] 128/300 queries   loss=3.0840   39s elapsed, ~52s left
    [greedy@5] 192/300 queries   loss=2.7483   53s elapsed, ~30s left
    [greedy@5] 256/300 queries   loss=3.1190   71s elapsed, ~12s left
    [greedy@5] 300/300 queries   loss=2.7671   83s elapsed, ~0s left
  greedy@5 nDCG@10=0.4778  R@20=0.4098  R@100=0.5884  MRR@10=0.6906
         [83s]
    [greedy@6] 64/300 queries   loss=3.3684   25s elapsed, ~93s left
    [greedy@6] 128/300 queries   loss=3.0361   40s elapsed, ~54s left
    [greedy@6] 192/300 queries   loss=2.7047   55s elapsed, ~31s left
    [greedy@6] 256/300 queries   loss=3.0451   73s elapsed, ~13s left
    [greedy@6] 300/300 queries   loss=2.6918   86s elapsed, ~0s left
  greedy@6 nDCG@10=0.4808  R@20=0.4101  R@100=0.5875  MRR@10=0.6959
         [86s]
    [greedy@7] 64/300 queries   loss=3.3320   27s elapsed, ~99s left
    [greedy@7] 128/300 queries   loss=3.0098   43s elapsed, ~58s left
    [greedy@7] 192/300 queries   loss=2.6735   60s elapsed, ~33s left
    [greedy@7] 256/300 queries   loss=2.9985   79s elapsed, ~14s left
    [greedy@7] 300/300 queries   loss=2.6445   92s elapsed, ~0s left
  greedy@7 nDCG@10=0.4830  R@20=0.4077  R@100=0.5891  MRR@10=0.7009
         [92s]
    [greedy@8] 64/300 queries   loss=3.2986   27s elapsed, ~98s left
    [greedy@8] 128/300 queries   loss=2.9841   44s elapsed, ~59s left
    [greedy@8] 192/300 queries   loss=2.6478   61s elapsed, ~34s left
    [greedy@8] 256/300 queries   loss=2.9584   82s elapsed, ~14s left
    [greedy@8] 300/300 queries   loss=2.6132   95s elapsed, ~0s left
  greedy@8 nDCG@10=0.4846  R@20=0.4077  R@100=0.5896  MRR@10=0.7066
         [95s]
    [joint@2] 64/300 queries   loss=3.6903   23s elapsed, ~86s left
    [joint@2] 128/300 queries   loss=3.3022   36s elapsed, ~49s left
    [joint@2] 192/300 queries   loss=2.9567   50s elapsed, ~28s left
    [joint@2] 256/300 queries   loss=3.4510   68s elapsed, ~12s left
    [joint@2] 300/300 queries   loss=3.0302   79s elapsed, ~0s left
  joint@2 nDCG@10=0.4743  R@20=0.4030  R@100=0.5853  MRR@10=0.6783
         [79s]
    [joint@4] 64/300 queries   loss=3.3187   25s elapsed, ~92s left
    [joint@4] 128/300 queries   loss=3.0090   40s elapsed, ~53s left
    [joint@4] 192/300 queries   loss=2.6840   54s elapsed, ~31s left
    [joint@4] 256/300 queries   loss=3.0141   72s elapsed, ~12s left
    [joint@4] 300/300 queries   loss=2.6733   84s elapsed, ~0s left
  joint@4 nDCG@10=0.4913  R@20=0.4079  R@100=0.5949  MRR@10=0.7135
         [84s]
    [joint@8] 64/300 queries   loss=3.0910   26s elapsed, ~96s left
    [joint@8] 128/300 queries   loss=2.8555   43s elapsed, ~58s left
    [joint@8] 192/300 queries   loss=2.5215   60s elapsed, ~34s left
    [joint@8] 256/300 queries   loss=2.7817   82s elapsed, ~14s left
    [joint@8] 300/300 queries   loss=2.4700   95s elapsed, ~0s left
  joint@8 nDCG@10=0.4999  R@20=0.4090  R@100=0.5967  MRR@10=0.7148
         [95s]

============================================================================================
depth       greedy     joint      zero   greedy gain  net of zero
k=1         0.4513        --    0.2611       +0.0000      +0.0000
k=2         0.4615    0.4743    0.2648       +0.0101      +0.0064
k=3         0.4652        --    0.2641       +0.0139      +0.0109
k=4         0.4752    0.4913    0.2616       +0.0239      +0.0233
k=5         0.4778        --    0.2557       +0.0265      +0.0319
k=6         0.4808        --    0.2533       +0.0295      +0.0372
k=7         0.4830        --    0.2513       +0.0317      +0.0415
k=8         0.4846    0.4999    0.2512       +0.0333      +0.0431
--------------------------------------------------------------------------------------------
headroom  greedy@1 - arm0            +0.1963 nDCG@10
depth     greedy@8 - greedy@1        +0.0333
ceiling   joint@8  - greedy@1        +0.0486
capture   depth / ceiling            68.4%
--------------------------------------------------------------------------------------------
GO      greedy staging recovers most of the joint ceiling. Boosting is alive -- next question is the amortization gap.
        Check the per-k column too: a curve that flattens after k=2 caps useful ensemble depth regardless of the verdict above.
        Reminder: every number here uses gold labels. These are ceilings, not achievable scores.
============================================================================================

wrote results/wp1_nfcorpus_split_seed0.json
finished 2026-08-17 17:13:30 (15.9 min total)
+ for s in 0 1 2
+ python wp1_oracle.py --dataset nfcorpus --device cuda --n-stages 8 --joint-at 2 4 8 --batch-size 64 --zero-curve --holdout-positives 0.5 --loss mean --scale 0.5 --seed 1 --out results/wp1_nfcorpus_split_seed1.json
logging to results/wp1_nfcorpus_split_seed1.log
started 2026-08-17 17:13:34
loading intfloat/e5-large-v2 on cuda (float32)
Loading weights:   0%|          | 0/391 [00:00<?, ?it/s]Loading weights: 100%|##########| 391/391 [00:00<00:00, 10299.53it/s]
  d=1024   token_norm=1.4409   |s|/tnorm = [0.5, 0.5, 0.5, 0.5, 0.5, 0.5, 0.5, 0.5]

loading BEIR/nfcorpus (test)
  3633 docs   323 queries

self-check (max abs err, want < 1e-4):
  [ok  ] identity_vs_hf             0.00e+00
  [ok  ] batch_invariance           2.44e-06
  [ok  ] batch_invariance_steered   2.50e-06

loading cached corpus embeddings from results/cache/nfcorpus_intfloat_e5-large-v2_float32.pt
  corpus matrix (3633, 1024) float32 = 0.01 GB on cuda

held-out split: 50% of positives
  300 queries kept (23 dropped: <2 positives)
  mean 20.5 positives fitted, 20.5 scored

============================================================================================
ensemble depth K=8  (steps=200 lr=0.05 temp=0.02 |s|/tnorm=[0.5, 0.5, 0.5, 0.5, 0.5, 0.5, 0.5, 0.5], 64 queries per optimization batch)
============================================================================================
  arm0   nDCG@10=0.2540  R@20=0.1955  R@100=0.2980  MRR@10=0.4370
         [0s]
  zero@1 nDCG@10=0.2655  R@20=0.1926  R@100=0.3032  MRR@10=0.4455
  zero@2 nDCG@10=0.2652  R@20=0.1950  R@100=0.3043  MRR@10=0.4441
  zero@3 nDCG@10=0.2625  R@20=0.1991  R@100=0.3113  MRR@10=0.4428
  zero@4 nDCG@10=0.2622  R@20=0.1956  R@100=0.3039  MRR@10=0.4435
  zero@5 nDCG@10=0.2588  R@20=0.1935  R@100=0.3009  MRR@10=0.4369
  zero@6 nDCG@10=0.2553  R@20=0.1950  R@100=0.3032  MRR@10=0.4317
  zero@7 nDCG@10=0.2542  R@20=0.1970  R@100=0.2982  MRR@10=0.4315
  zero@8 nDCG@10=0.2542  R@20=0.1969  R@100=0.3026  MRR@10=0.4312
    [greedy@1] 64/300 queries   loss=4.2166   23s elapsed, ~83s left
    [greedy@1] 128/300 queries   loss=3.8379   35s elapsed, ~48s left
    [greedy@1] 192/300 queries   loss=3.4851   48s elapsed, ~27s left
    [greedy@1] 256/300 queries   loss=3.9596   65s elapsed, ~11s left
    [greedy@1] 300/300 queries   loss=3.6406   76s elapsed, ~0s left
  greedy@1 nDCG@10=0.4450  R@20=0.3779  R@100=0.5750  MRR@10=0.6622
         [76s]
    [greedy@2] 64/300 queries   loss=3.8300   24s elapsed, ~88s left
    [greedy@2] 128/300 queries   loss=3.4358   37s elapsed, ~50s left
    [greedy@2] 192/300 queries   loss=3.0854   50s elapsed, ~28s left
    [greedy@2] 256/300 queries   loss=3.5585   67s elapsed, ~12s left
    [greedy@2] 300/300 queries   loss=3.1834   78s elapsed, ~0s left
  greedy@2 nDCG@10=0.4551  R@20=0.3820  R@100=0.5787  MRR@10=0.6720
         [78s]
    [greedy@3] 64/300 queries   loss=3.6207   24s elapsed, ~89s left
    [greedy@3] 128/300 queries   loss=3.2481   38s elapsed, ~51s left
    [greedy@3] 192/300 queries   loss=2.9081   52s elapsed, ~29s left
    [greedy@3] 256/300 queries   loss=3.3248   70s elapsed, ~12s left
    [greedy@3] 300/300 queries   loss=2.9482   82s elapsed, ~0s left
  greedy@3 nDCG@10=0.4647  R@20=0.3964  R@100=0.5796  MRR@10=0.6821
         [82s]
    [greedy@4] 64/300 queries   loss=3.5002   25s elapsed, ~92s left
    [greedy@4] 128/300 queries   loss=3.1500   40s elapsed, ~53s left
    [greedy@4] 192/300 queries   loss=2.7997   55s elapsed, ~31s left
    [greedy@4] 256/300 queries   loss=3.1819   73s elapsed, ~13s left
    [greedy@4] 300/300 queries   loss=2.8288   85s elapsed, ~0s left
  greedy@4 nDCG@10=0.4744  R@20=0.3993  R@100=0.5868  MRR@10=0.6941
         [85s]
    [greedy@5] 64/300 queries   loss=3.4135   26s elapsed, ~96s left
    [greedy@5] 128/300 queries   loss=3.0842   41s elapsed, ~55s left
    [greedy@5] 192/300 queries   loss=2.7449   56s elapsed, ~32s left
    [greedy@5] 256/300 queries   loss=3.0861   76s elapsed, ~13s left
    [greedy@5] 300/300 queries   loss=2.7371   89s elapsed, ~0s left
  greedy@5 nDCG@10=0.4781  R@20=0.3995  R@100=0.5915  MRR@10=0.6921
         [89s]
    [greedy@6] 64/300 queries   loss=3.3454   26s elapsed, ~97s left
    [greedy@6] 128/300 queries   loss=3.0405   42s elapsed, ~57s left
    [greedy@6] 192/300 queries   loss=2.7070   58s elapsed, ~33s left
    [greedy@6] 256/300 queries   loss=3.0190   78s elapsed, ~13s left
    [greedy@6] 300/300 queries   loss=2.6818   91s elapsed, ~0s left
  greedy@6 nDCG@10=0.4803  R@20=0.3987  R@100=0.5944  MRR@10=0.6977
         [91s]
    [greedy@7] 64/300 queries   loss=3.3110   25s elapsed, ~94s left
    [greedy@7] 128/300 queries   loss=3.0138   41s elapsed, ~55s left
    [greedy@7] 192/300 queries   loss=2.6794   56s elapsed, ~32s left
    [greedy@7] 256/300 queries   loss=2.9749   75s elapsed, ~13s left
    [greedy@7] 300/300 queries   loss=2.6408   87s elapsed, ~0s left
  greedy@7 nDCG@10=0.4825  R@20=0.3975  R@100=0.5900  MRR@10=0.7020
         [87s]
    [greedy@8] 64/300 queries   loss=3.2772   25s elapsed, ~93s left
    [greedy@8] 128/300 queries   loss=2.9933   41s elapsed, ~55s left
    [greedy@8] 192/300 queries   loss=2.6483   57s elapsed, ~32s left
    [greedy@8] 256/300 queries   loss=2.9407   77s elapsed, ~13s left
    [greedy@8] 300/300 queries   loss=2.6120   89s elapsed, ~0s left
  greedy@8 nDCG@10=0.4849  R@20=0.4003  R@100=0.5927  MRR@10=0.7009
         [89s]
    [joint@2] 64/300 queries   loss=3.6944   22s elapsed, ~83s left
    [joint@2] 128/300 queries   loss=3.2841   36s elapsed, ~48s left
    [joint@2] 192/300 queries   loss=2.9918   49s elapsed, ~28s left
    [joint@2] 256/300 queries   loss=3.3674   67s elapsed, ~11s left
    [joint@2] 300/300 queries   loss=3.0162   78s elapsed, ~0s left
  joint@2 nDCG@10=0.4677  R@20=0.3951  R@100=0.5810  MRR@10=0.6796
         [78s]
    [joint@4] 64/300 queries   loss=3.3212   24s elapsed, ~90s left
    [joint@4] 128/300 queries   loss=3.0040   39s elapsed, ~52s left
    [joint@4] 192/300 queries   loss=2.6797   54s elapsed, ~30s left
    [joint@4] 256/300 queries   loss=2.9739   72s elapsed, ~12s left
    [joint@4] 300/300 queries   loss=2.6759   84s elapsed, ~0s left
  joint@4 nDCG@10=0.4861  R@20=0.4047  R@100=0.5914  MRR@10=0.6993
         [84s]
    [joint@8] 64/300 queries   loss=3.1048   26s elapsed, ~96s left
    [joint@8] 128/300 queries   loss=2.8509   43s elapsed, ~57s left
    [joint@8] 192/300 queries   loss=2.5313   59s elapsed, ~33s left
    [joint@8] 256/300 queries   loss=2.7519   80s elapsed, ~14s left
    [joint@8] 300/300 queries   loss=2.4512   93s elapsed, ~0s left
  joint@8 nDCG@10=0.4967  R@20=0.4105  R@100=0.5875  MRR@10=0.7118
         [93s]

============================================================================================
depth       greedy     joint      zero   greedy gain  net of zero
k=1         0.4450        --    0.2655       +0.0000      +0.0000
k=2         0.4551    0.4677    0.2652       +0.0101      +0.0104
k=3         0.4647        --    0.2625       +0.0197      +0.0227
k=4         0.4744    0.4861    0.2622       +0.0294      +0.0326
k=5         0.4781        --    0.2588       +0.0331      +0.0398
k=6         0.4803        --    0.2553       +0.0353      +0.0455
k=7         0.4825        --    0.2542       +0.0375      +0.0488
k=8         0.4849    0.4967    0.2542       +0.0399      +0.0512
--------------------------------------------------------------------------------------------
headroom  greedy@1 - arm0            +0.1910 nDCG@10
depth     greedy@8 - greedy@1        +0.0399
ceiling   joint@8  - greedy@1        +0.0516
capture   depth / ceiling            77.2%
--------------------------------------------------------------------------------------------
GO      greedy staging recovers most of the joint ceiling. Boosting is alive -- next question is the amortization gap.
        Check the per-k column too: a curve that flattens after k=2 caps useful ensemble depth regardless of the verdict above.
        Reminder: every number here uses gold labels. These are ceilings, not achievable scores.
============================================================================================

wrote results/wp1_nfcorpus_split_seed1.json
finished 2026-08-17 17:29:21 (15.8 min total)
+ for s in 0 1 2
+ python wp1_oracle.py --dataset nfcorpus --device cuda --n-stages 8 --joint-at 2 4 8 --batch-size 64 --zero-curve --holdout-positives 0.5 --loss mean --scale 0.5 --seed 2 --out results/wp1_nfcorpus_split_seed2.json
logging to results/wp1_nfcorpus_split_seed2.log
started 2026-08-17 17:29:24
loading intfloat/e5-large-v2 on cuda (float32)
Loading weights:   0%|          | 0/391 [00:00<?, ?it/s]Loading weights: 100%|##########| 391/391 [00:00<00:00, 10154.88it/s]
  d=1024   token_norm=1.4409   |s|/tnorm = [0.5, 0.5, 0.5, 0.5, 0.5, 0.5, 0.5, 0.5]

loading BEIR/nfcorpus (test)
  3633 docs   323 queries

self-check (max abs err, want < 1e-4):
  [ok  ] identity_vs_hf             0.00e+00
  [ok  ] batch_invariance           2.44e-06
  [ok  ] batch_invariance_steered   2.50e-06

loading cached corpus embeddings from results/cache/nfcorpus_intfloat_e5-large-v2_float32.pt
  corpus matrix (3633, 1024) float32 = 0.01 GB on cuda

held-out split: 50% of positives
  300 queries kept (23 dropped: <2 positives)
  mean 20.5 positives fitted, 20.5 scored

============================================================================================
ensemble depth K=8  (steps=200 lr=0.05 temp=0.02 |s|/tnorm=[0.5, 0.5, 0.5, 0.5, 0.5, 0.5, 0.5, 0.5], 64 queries per optimization batch)
============================================================================================
  arm0   nDCG@10=0.2455  R@20=0.1971  R@100=0.2952  MRR@10=0.3935
         [0s]
  zero@1 nDCG@10=0.2573  R@20=0.1974  R@100=0.3027  MRR@10=0.4051
  zero@2 nDCG@10=0.2595  R@20=0.2012  R@100=0.3059  MRR@10=0.4122
  zero@3 nDCG@10=0.2611  R@20=0.2017  R@100=0.3106  MRR@10=0.4107
  zero@4 nDCG@10=0.2591  R@20=0.2004  R@100=0.3055  MRR@10=0.4120
  zero@5 nDCG@10=0.2531  R@20=0.2005  R@100=0.3046  MRR@10=0.4000
  zero@6 nDCG@10=0.2488  R@20=0.2013  R@100=0.3039  MRR@10=0.3927
  zero@7 nDCG@10=0.2475  R@20=0.2012  R@100=0.3015  MRR@10=0.3924
  zero@8 nDCG@10=0.2480  R@20=0.2009  R@100=0.3020  MRR@10=0.3927
    [greedy@1] 64/300 queries   loss=4.1389   23s elapsed, ~83s left
    [greedy@1] 128/300 queries   loss=3.8866   36s elapsed, ~48s left
    [greedy@1] 192/300 queries   loss=3.4204   49s elapsed, ~28s left
    [greedy@1] 256/300 queries   loss=4.1098   66s elapsed, ~11s left
    [greedy@1] 300/300 queries   loss=3.6076   77s elapsed, ~0s left
  greedy@1 nDCG@10=0.4465  R@20=0.3925  R@100=0.5872  MRR@10=0.6608
         [77s]
    [greedy@2] 64/300 queries   loss=3.7724   24s elapsed, ~88s left
    [greedy@2] 128/300 queries   loss=3.4368   38s elapsed, ~51s left
    [greedy@2] 192/300 queries   loss=3.0741   52s elapsed, ~29s left
    [greedy@2] 256/300 queries   loss=3.6294   69s elapsed, ~12s left
    [greedy@2] 300/300 queries   loss=3.2136   81s elapsed, ~0s left
  greedy@2 nDCG@10=0.4552  R@20=0.4093  R@100=0.5968  MRR@10=0.6629
         [81s]
    [greedy@3] 64/300 queries   loss=3.5966   24s elapsed, ~90s left
    [greedy@3] 128/300 queries   loss=3.2606   39s elapsed, ~52s left
    [greedy@3] 192/300 queries   loss=2.8997   53s elapsed, ~30s left
    [greedy@3] 256/300 queries   loss=3.3769   71s elapsed, ~12s left
    [greedy@3] 300/300 queries   loss=3.0031   83s elapsed, ~0s left
  greedy@3 nDCG@10=0.4681  R@20=0.4154  R@100=0.5962  MRR@10=0.6813
         [83s]
    [greedy@4] 64/300 queries   loss=3.4815   25s elapsed, ~91s left
    [greedy@4] 128/300 queries   loss=3.1639   39s elapsed, ~53s left
    [greedy@4] 192/300 queries   loss=2.8013   54s elapsed, ~30s left
    [greedy@4] 256/300 queries   loss=3.2419   72s elapsed, ~12s left
    [greedy@4] 300/300 queries   loss=2.8628   84s elapsed, ~0s left
  greedy@4 nDCG@10=0.4724  R@20=0.4197  R@100=0.6013  MRR@10=0.6797
         [84s]
    [greedy@5] 64/300 queries   loss=3.4062   26s elapsed, ~96s left
    [greedy@5] 128/300 queries   loss=3.1009   41s elapsed, ~55s left
    [greedy@5] 192/300 queries   loss=2.7408   56s elapsed, ~32s left
    [greedy@5] 256/300 queries   loss=3.1422   76s elapsed, ~13s left
    [greedy@5] 300/300 queries   loss=2.7682   88s elapsed, ~0s left
  greedy@5 nDCG@10=0.4744  R@20=0.4175  R@100=0.5974  MRR@10=0.6868
         [88s]
    [greedy@6] 64/300 queries   loss=3.3513   26s elapsed, ~96s left
    [greedy@6] 128/300 queries   loss=3.0559   42s elapsed, ~57s left
    [greedy@6] 192/300 queries   loss=2.7019   58s elapsed, ~33s left
    [greedy@6] 256/300 queries   loss=3.0702   78s elapsed, ~13s left
    [greedy@6] 300/300 queries   loss=2.7155   91s elapsed, ~0s left
  greedy@6 nDCG@10=0.4798  R@20=0.4199  R@100=0.6020  MRR@10=0.6909
         [91s]
    [greedy@7] 64/300 queries   loss=3.3125   27s elapsed, ~99s left
    [greedy@7] 128/300 queries   loss=3.0228   44s elapsed, ~59s left
    [greedy@7] 192/300 queries   loss=2.6789   61s elapsed, ~34s left
    [greedy@7] 256/300 queries   loss=3.0204   81s elapsed, ~14s left
    [greedy@7] 300/300 queries   loss=2.6742   94s elapsed, ~0s left
  greedy@7 nDCG@10=0.4861  R@20=0.4216  R@100=0.6028  MRR@10=0.6960
         [94s]
    [greedy@8] 64/300 queries   loss=3.2802   27s elapsed, ~98s left
    [greedy@8] 128/300 queries   loss=2.9974   44s elapsed, ~59s left
    [greedy@8] 192/300 queries   loss=2.6594   61s elapsed, ~34s left
    [greedy@8] 256/300 queries   loss=2.9829   83s elapsed, ~14s left
    [greedy@8] 300/300 queries   loss=2.6421   96s elapsed, ~0s left
  greedy@8 nDCG@10=0.4867  R@20=0.4215  R@100=0.6008  MRR@10=0.6988
         [96s]
    [joint@2] 64/300 queries   loss=3.6689   24s elapsed, ~88s left
    [joint@2] 128/300 queries   loss=3.3358   38s elapsed, ~51s left
    [joint@2] 192/300 queries   loss=2.9321   52s elapsed, ~29s left
    [joint@2] 256/300 queries   loss=3.4817   69s elapsed, ~12s left
    [joint@2] 300/300 queries   loss=3.0708   81s elapsed, ~0s left
  joint@2 nDCG@10=0.4634  R@20=0.4006  R@100=0.6034  MRR@10=0.6807
         [81s]
    [joint@4] 64/300 queries   loss=3.2969   25s elapsed, ~92s left
    [joint@4] 128/300 queries   loss=3.0123   40s elapsed, ~53s left
    [joint@4] 192/300 queries   loss=2.6539   54s elapsed, ~31s left
    [joint@4] 256/300 queries   loss=2.9882   73s elapsed, ~12s left
    [joint@4] 300/300 queries   loss=2.6641   85s elapsed, ~0s left
  joint@4 nDCG@10=0.4883  R@20=0.4160  R@100=0.6092  MRR@10=0.6977
         [85s]
    [joint@8] 64/300 queries   loss=3.0952   27s elapsed, ~98s left
    [joint@8] 128/300 queries   loss=2.8548   44s elapsed, ~59s left
    [joint@8] 192/300 queries   loss=2.5166   61s elapsed, ~34s left
    [joint@8] 256/300 queries   loss=2.7649   82s elapsed, ~14s left
    [joint@8] 300/300 queries   loss=2.4578   96s elapsed, ~0s left
  joint@8 nDCG@10=0.4947  R@20=0.4275  R@100=0.6118  MRR@10=0.7087
         [96s]

============================================================================================
depth       greedy     joint      zero   greedy gain  net of zero
k=1         0.4465        --    0.2573       +0.0000      +0.0000
k=2         0.4552    0.4634    0.2595       +0.0087      +0.0065
k=3         0.4681        --    0.2611       +0.0216      +0.0177
k=4         0.4724    0.4883    0.2591       +0.0258      +0.0240
k=5         0.4744        --    0.2531       +0.0279      +0.0321
k=6         0.4798        --    0.2488       +0.0332      +0.0417
k=7         0.4861        --    0.2475       +0.0396      +0.0494
k=8         0.4867    0.4947    0.2480       +0.0402      +0.0495
--------------------------------------------------------------------------------------------
headroom  greedy@1 - arm0            +0.2010 nDCG@10
depth     greedy@8 - greedy@1        +0.0402
ceiling   joint@8  - greedy@1        +0.0482
capture   depth / ceiling            83.4%
--------------------------------------------------------------------------------------------
GO      greedy staging recovers most of the joint ceiling. Boosting is alive -- next question is the amortization gap.
        Check the per-k column too: a curve that flattens after k=2 caps useful ensemble depth regardless of the verdict above.
        Reminder: every number here uses gold labels. These are ceilings, not achievable scores.
============================================================================================

wrote results/wp1_nfcorpus_split_seed2.json
finished 2026-08-17 17:45:36 (16.2 min total)
