logging to results/wp1_nfcorpus_split_seed1.log
started 2026-08-17 17:13:34
loading intfloat/e5-large-v2 on cuda (float32)
Loading weights:   0%|          | 0/391 [00:00<?, ?it/s]Loading weights: 100%|##########| 391/391 [00:00<00:00, 10299.53it/s]
  d=1024   token_norm=1.4409   |s|/tnorm = [0.5, 0.5, 0.5, 0.5, 0.5, 0.5, 0.5, 0.5]

loading BEIR/nfcorpus (test)
  3633 docs   323 queries

self-check (max abs err, want < 1e-4):
  [ok  ] identity_vs_hf             0.00e+00
  [ok  ] batch_invariance           2.44e-06
  [ok  ] batch_invariance_steered   2.50e-06

loading cached corpus embeddings from results/cache/nfcorpus_intfloat_e5-large-v2_float32.pt
  corpus matrix (3633, 1024) float32 = 0.01 GB on cuda

held-out split: 50% of positives
  300 queries kept (23 dropped: <2 positives)
  mean 20.5 positives fitted, 20.5 scored

============================================================================================
ensemble depth K=8  (steps=200 lr=0.05 temp=0.02 |s|/tnorm=[0.5, 0.5, 0.5, 0.5, 0.5, 0.5, 0.5, 0.5], 64 queries per optimization batch)
============================================================================================
  arm0   nDCG@10=0.2540  R@20=0.1955  R@100=0.2980  MRR@10=0.4370
         [0s]
  zero@1 nDCG@10=0.2655  R@20=0.1926  R@100=0.3032  MRR@10=0.4455
  zero@2 nDCG@10=0.2652  R@20=0.1950  R@100=0.3043  MRR@10=0.4441
  zero@3 nDCG@10=0.2625  R@20=0.1991  R@100=0.3113  MRR@10=0.4428
  zero@4 nDCG@10=0.2622  R@20=0.1956  R@100=0.3039  MRR@10=0.4435
  zero@5 nDCG@10=0.2588  R@20=0.1935  R@100=0.3009  MRR@10=0.4369
  zero@6 nDCG@10=0.2553  R@20=0.1950  R@100=0.3032  MRR@10=0.4317
  zero@7 nDCG@10=0.2542  R@20=0.1970  R@100=0.2982  MRR@10=0.4315
  zero@8 nDCG@10=0.2542  R@20=0.1969  R@100=0.3026  MRR@10=0.4312
    [greedy@1] 64/300 queries   loss=4.2166   23s elapsed, ~83s left
    [greedy@1] 128/300 queries   loss=3.8379   35s elapsed, ~48s left
    [greedy@1] 192/300 queries   loss=3.4851   48s elapsed, ~27s left
    [greedy@1] 256/300 queries   loss=3.9596   65s elapsed, ~11s left
    [greedy@1] 300/300 queries   loss=3.6406   76s elapsed, ~0s left
  greedy@1 nDCG@10=0.4450  R@20=0.3779  R@100=0.5750  MRR@10=0.6622
         [76s]
    [greedy@2] 64/300 queries   loss=3.8300   24s elapsed, ~88s left
    [greedy@2] 128/300 queries   loss=3.4358   37s elapsed, ~50s left
    [greedy@2] 192/300 queries   loss=3.0854   50s elapsed, ~28s left
    [greedy@2] 256/300 queries   loss=3.5585   67s elapsed, ~12s left
    [greedy@2] 300/300 queries   loss=3.1834   78s elapsed, ~0s left
  greedy@2 nDCG@10=0.4551  R@20=0.3820  R@100=0.5787  MRR@10=0.6720
         [78s]
    [greedy@3] 64/300 queries   loss=3.6207   24s elapsed, ~89s left
    [greedy@3] 128/300 queries   loss=3.2481   38s elapsed, ~51s left
    [greedy@3] 192/300 queries   loss=2.9081   52s elapsed, ~29s left
    [greedy@3] 256/300 queries   loss=3.3248   70s elapsed, ~12s left
    [greedy@3] 300/300 queries   loss=2.9482   82s elapsed, ~0s left
  greedy@3 nDCG@10=0.4647  R@20=0.3964  R@100=0.5796  MRR@10=0.6821
         [82s]
    [greedy@4] 64/300 queries   loss=3.5002   25s elapsed, ~92s left
    [greedy@4] 128/300 queries   loss=3.1500   40s elapsed, ~53s left
    [greedy@4] 192/300 queries   loss=2.7997   55s elapsed, ~31s left
    [greedy@4] 256/300 queries   loss=3.1819   73s elapsed, ~13s left
    [greedy@4] 300/300 queries   loss=2.8288   85s elapsed, ~0s left
  greedy@4 nDCG@10=0.4744  R@20=0.3993  R@100=0.5868  MRR@10=0.6941
         [85s]
    [greedy@5] 64/300 queries   loss=3.4135   26s elapsed, ~96s left
    [greedy@5] 128/300 queries   loss=3.0842   41s elapsed, ~55s left
    [greedy@5] 192/300 queries   loss=2.7449   56s elapsed, ~32s left
    [greedy@5] 256/300 queries   loss=3.0861   76s elapsed, ~13s left
    [greedy@5] 300/300 queries   loss=2.7371   89s elapsed, ~0s left
  greedy@5 nDCG@10=0.4781  R@20=0.3995  R@100=0.5915  MRR@10=0.6921
         [89s]
    [greedy@6] 64/300 queries   loss=3.3454   26s elapsed, ~97s left
    [greedy@6] 128/300 queries   loss=3.0405   42s elapsed, ~57s left
    [greedy@6] 192/300 queries   loss=2.7070   58s elapsed, ~33s left
    [greedy@6] 256/300 queries   loss=3.0190   78s elapsed, ~13s left
    [greedy@6] 300/300 queries   loss=2.6818   91s elapsed, ~0s left
  greedy@6 nDCG@10=0.4803  R@20=0.3987  R@100=0.5944  MRR@10=0.6977
         [91s]
    [greedy@7] 64/300 queries   loss=3.3110   25s elapsed, ~94s left
    [greedy@7] 128/300 queries   loss=3.0138   41s elapsed, ~55s left
    [greedy@7] 192/300 queries   loss=2.6794   56s elapsed, ~32s left
    [greedy@7] 256/300 queries   loss=2.9749   75s elapsed, ~13s left
    [greedy@7] 300/300 queries   loss=2.6408   87s elapsed, ~0s left
  greedy@7 nDCG@10=0.4825  R@20=0.3975  R@100=0.5900  MRR@10=0.7020
         [87s]
    [greedy@8] 64/300 queries   loss=3.2772   25s elapsed, ~93s left
    [greedy@8] 128/300 queries   loss=2.9933   41s elapsed, ~55s left
    [greedy@8] 192/300 queries   loss=2.6483   57s elapsed, ~32s left
    [greedy@8] 256/300 queries   loss=2.9407   77s elapsed, ~13s left
    [greedy@8] 300/300 queries   loss=2.6120   89s elapsed, ~0s left
  greedy@8 nDCG@10=0.4849  R@20=0.4003  R@100=0.5927  MRR@10=0.7009
         [89s]
    [joint@2] 64/300 queries   loss=3.6944   22s elapsed, ~83s left
    [joint@2] 128/300 queries   loss=3.2841   36s elapsed, ~48s left
    [joint@2] 192/300 queries   loss=2.9918   49s elapsed, ~28s left
    [joint@2] 256/300 queries   loss=3.3674   67s elapsed, ~11s left
    [joint@2] 300/300 queries   loss=3.0162   78s elapsed, ~0s left
  joint@2 nDCG@10=0.4677  R@20=0.3951  R@100=0.5810  MRR@10=0.6796
         [78s]
    [joint@4] 64/300 queries   loss=3.3212   24s elapsed, ~90s left
    [joint@4] 128/300 queries   loss=3.0040   39s elapsed, ~52s left
    [joint@4] 192/300 queries   loss=2.6797   54s elapsed, ~30s left
    [joint@4] 256/300 queries   loss=2.9739   72s elapsed, ~12s left
    [joint@4] 300/300 queries   loss=2.6759   84s elapsed, ~0s left
  joint@4 nDCG@10=0.4861  R@20=0.4047  R@100=0.5914  MRR@10=0.6993
         [84s]
    [joint@8] 64/300 queries   loss=3.1048   26s elapsed, ~96s left
    [joint@8] 128/300 queries   loss=2.8509   43s elapsed, ~57s left
    [joint@8] 192/300 queries   loss=2.5313   59s elapsed, ~33s left
    [joint@8] 256/300 queries   loss=2.7519   80s elapsed, ~14s left
    [joint@8] 300/300 queries   loss=2.4512   93s elapsed, ~0s left
  joint@8 nDCG@10=0.4967  R@20=0.4105  R@100=0.5875  MRR@10=0.7118
         [93s]

============================================================================================
depth       greedy     joint      zero   greedy gain  net of zero
k=1         0.4450        --    0.2655       +0.0000      +0.0000
k=2         0.4551    0.4677    0.2652       +0.0101      +0.0104
k=3         0.4647        --    0.2625       +0.0197      +0.0227
k=4         0.4744    0.4861    0.2622       +0.0294      +0.0326
k=5         0.4781        --    0.2588       +0.0331      +0.0398
k=6         0.4803        --    0.2553       +0.0353      +0.0455
k=7         0.4825        --    0.2542       +0.0375      +0.0488
k=8         0.4849    0.4967    0.2542       +0.0399      +0.0512
--------------------------------------------------------------------------------------------
headroom  greedy@1 - arm0            +0.1910 nDCG@10
depth     greedy@8 - greedy@1        +0.0399
ceiling   joint@8  - greedy@1        +0.0516
capture   depth / ceiling            77.2%
--------------------------------------------------------------------------------------------
GO      greedy staging recovers most of the joint ceiling. Boosting is alive -- next question is the amortization gap.
        Check the per-k column too: a curve that flattens after k=2 caps useful ensemble depth regardless of the verdict above.
        Reminder: every number here uses gold labels. These are ceilings, not achievable scores.
============================================================================================

wrote results/wp1_nfcorpus_split_seed1.json
finished 2026-08-17 17:29:21 (15.8 min total)
